00:00.639  blend            | Read blend: "/home/bart/.treehouse/odot-game-assets-86a3a5/2/odot-game-assets/sources/environment/hex_bioluminescent_grove.blend"
Verified grid fit and fresh library geometry: hex_bioluminescent_grove
00:01.402  blend            | Read blend: "/home/bart/.treehouse/odot-game-assets-86a3a5/2/odot-game-assets/sources/environment/hex_butterfly_glade.blend"
Verified grid fit and fresh library geometry: hex_butterfly_glade
00:02.247  blend            | Read blend: "/home/bart/.treehouse/odot-game-assets-86a3a5/2/odot-game-assets/sources/environment/hex_crystal_grove.blend"
Verified grid fit and fresh library geometry: hex_crystal_grove
00:03.082  blend            | Read blend: "/home/bart/.treehouse/odot-game-assets-86a3a5/2/odot-game-assets/sources/environment/hex_crystal_shrine.blend"
Verified grid fit and fresh library geometry: hex_crystal_shrine
00:03.940  blend            | Read blend: "/home/bart/.treehouse/odot-game-assets-86a3a5/2/odot-game-assets/sources/environment/hex_dream_menagerie.blend"
Verified grid fit and fresh library geometry: hex_dream_menagerie
00:05.281  blend            | Read blend: "/home/bart/.treehouse/odot-game-assets-86a3a5/2/odot-game-assets/sources/environment/hex_glowing_mushrooms.blend"
Verified grid fit and fresh library geometry: hex_glowing_mushrooms
00:05.959  blend            | Read blend: "/home/bart/.treehouse/odot-game-assets-86a3a5/2/odot-game-assets/sources/environment/hex_hollow_watchers.blend"
Verified grid fit and fresh library geometry: hex_hollow_watchers
00:06.795  blend            | Read blend: "/home/bart/.treehouse/odot-game-assets-86a3a5/2/odot-game-assets/sources/environment/hex_lantern_bridge.blend"
Verified grid fit and fresh library geometry: hex_lantern_bridge
00:08.037  blend            | Read blend: "/home/bart/.treehouse/odot-game-assets-86a3a5/2/odot-game-assets/sources/environment/hex_mystical_grove.blend"
Verified grid fit and fresh library geometry: hex_mystical_grove
00:08.813  blend            | Read blend: "/home/bart/.treehouse/odot-game-assets-86a3a5/2/odot-game-assets/sources/environment/hex_rune_shrine.blend"
Verified grid fit and fresh library geometry: hex_rune_shrine
00:09.930  blend            | Read blend: "/home/bart/.treehouse/odot-game-assets-86a3a5/2/odot-game-assets/sources/environment/hex_woodland_bridge.blend"
Verified grid fit and fresh library geometry: hex_woodland_bridge
Verified forest tiles: 11
Blender 5.2.2 LTS (hash d13f752e3b9c built 2026-09-15 01:34:58)

Blender quit
