00:00.454  blend            | Read blend: "/home/bart/.treehouse/odot-game-assets-86a3a5/2/odot-game-assets/sources/environment/shared_forest_kit.blend"
Verified portable painted finish: environment/components/forest_fern
00:00.606  blend            | Read blend: "/home/bart/.treehouse/odot-game-assets-86a3a5/2/odot-game-assets/sources/environment/shared_enchanted_kit.blend"
Verified portable painted finish: environment/components/forest_hollow_tree
00:00.730  blend            | Read blend: "/home/bart/.treehouse/odot-game-assets-86a3a5/2/odot-game-assets/sources/environment/shared_enchanted_kit.blend"
Verified portable painted finish: environment/components/forest_lantern_flower
00:00.804  blend            | Read blend: "/home/bart/.treehouse/odot-game-assets-86a3a5/2/odot-game-assets/sources/environment/shared_enchanted_kit.blend"
Verified portable painted finish: environment/components/forest_lantern_snail
00:00.880  blend            | Read blend: "/home/bart/.treehouse/odot-game-assets-86a3a5/2/odot-game-assets/sources/environment/shared_forest_kit.blend"
Verified portable painted finish: environment/components/forest_leaf_clump
00:00.951  blend            | Read blend: "/home/bart/.treehouse/odot-game-assets-86a3a5/2/odot-game-assets/sources/environment/shared_forest_kit.blend"
Verified portable painted finish: environment/components/forest_moss
00:01.028  blend            | Read blend: "/home/bart/.treehouse/odot-game-assets-86a3a5/2/odot-game-assets/sources/environment/shared_forest_kit.blend"
Verified portable painted finish: environment/components/forest_mushroom_blue
00:01.150  blend            | Read blend: "/home/bart/.treehouse/odot-game-assets-86a3a5/2/odot-game-assets/sources/environment/shared_forest_kit.blend"
Verified portable painted finish: environment/components/forest_mushroom_purple
00:01.269  blend            | Read blend: "/home/bart/.treehouse/odot-game-assets-86a3a5/2/odot-game-assets/sources/environment/shared_forest_kit.blend"
Verified portable painted finish: environment/components/forest_mushroom_small
00:01.390  blend            | Read blend: "/home/bart/.treehouse/odot-game-assets-86a3a5/2/odot-game-assets/sources/environment/shared_enchanted_kit.blend"
Verified portable painted finish: environment/components/forest_spiral_fern
00:01.460  blend            | Read blend: "/home/bart/.treehouse/odot-game-assets-86a3a5/2/odot-game-assets/sources/environment/shared_enchanted_kit.blend"
Verified portable painted finish: environment/components/forest_spiral_tree
00:01.544  blend            | Read blend: "/home/bart/.treehouse/odot-game-assets-86a3a5/2/odot-game-assets/sources/environment/hex_bioluminescent_grove.blend"
Verified portable painted finish: environment/hex_bioluminescent_grove
00:02.087  blend            | Read blend: "/home/bart/.treehouse/odot-game-assets-86a3a5/2/odot-game-assets/sources/environment/hex_butterfly_glade.blend"
Verified portable painted finish: environment/hex_butterfly_glade
00:02.554  blend            | Read blend: "/home/bart/.treehouse/odot-game-assets-86a3a5/2/odot-game-assets/sources/environment/hex_crystal_grove.blend"
Verified portable painted finish: environment/hex_crystal_grove
00:03.170  blend            | Read blend: "/home/bart/.treehouse/odot-game-assets-86a3a5/2/odot-game-assets/sources/environment/hex_crystal_shrine.blend"
Verified portable painted finish: environment/hex_crystal_shrine
00:03.791  blend            | Read blend: "/home/bart/.treehouse/odot-game-assets-86a3a5/2/odot-game-assets/sources/environment/hex_dream_menagerie.blend"
Verified portable painted finish: environment/hex_dream_menagerie
00:04.421  blend            | Read blend: "/home/bart/.treehouse/odot-game-assets-86a3a5/2/odot-game-assets/sources/environment/hex_glowing_mushrooms.blend"
Verified portable painted finish: environment/hex_glowing_mushrooms
00:04.993  blend            | Read blend: "/home/bart/.treehouse/odot-game-assets-86a3a5/2/odot-game-assets/sources/environment/hex_hollow_watchers.blend"
Verified portable painted finish: environment/hex_hollow_watchers
00:05.576  blend            | Read blend: "/home/bart/.treehouse/odot-game-assets-86a3a5/2/odot-game-assets/sources/environment/hex_lantern_bridge.blend"
Verified portable painted finish: environment/hex_lantern_bridge
00:06.294  blend            | Read blend: "/home/bart/.treehouse/odot-game-assets-86a3a5/2/odot-game-assets/sources/environment/hex_mystical_grove.blend"
Verified portable painted finish: environment/hex_mystical_grove
00:06.859  blend            | Read blend: "/home/bart/.treehouse/odot-game-assets-86a3a5/2/odot-game-assets/sources/environment/hex_rune_shrine.blend"
Verified portable painted finish: environment/hex_rune_shrine
00:07.356  blend            | Read blend: "/home/bart/.treehouse/odot-game-assets-86a3a5/2/odot-game-assets/sources/environment/hex_woodland_bridge.blend"
Verified portable painted finish: environment/hex_woodland_bridge
Verified painted UVs, packed images and exported channels: 22
Blender 5.2.2 LTS (hash d13f752e3b9c built 2026-09-15 01:34:58)

Blender quit
