00:00.286  blend            | Read blend: "/home/bart/.treehouse/odot-game-assets-86a3a5/2/odot-game-assets/sources/buildings/weaver.blend"
10:31:56 | INFO: Data are loaded, start creating Blender stuff
10:31:56 | INFO: Blender create Mesh node Arched keystone course.018
10:31:56 | INFO: Blender create Mesh node Arched keystone course.019
10:31:56 | INFO: Blender create Mesh node Arched keystone course.020
10:31:56 | INFO: Blender create Mesh node Arched keystone course.021
10:31:56 | INFO: Blender create Mesh node Arched keystone course.022
10:31:56 | INFO: Blender create Mesh node Arched keystone course.023
10:31:56 | INFO: Blender create Mesh node Arched keystone course.024
10:31:56 | INFO: Blender create Mesh node Arched keystone course.025
10:31:56 | INFO: Blender create Mesh node Arched keystone course.026
10:31:56 | INFO: Blender create Mesh node Banner hanging rod.003
10:31:56 | INFO: Blender create Mesh node Awning front beam.001
10:31:56 | INFO: Blender create Mesh node Canopy support rib.002
10:31:56 | INFO: Blender create Mesh node Canopy support rib.003
10:31:56 | INFO: Blender create Mesh node Canopy upright.002
10:31:56 | INFO: Blender create Mesh node Canopy upright.003
10:31:56 | INFO: Blender create Mesh node Canvas canopy stripe.011
10:31:56 | INFO: Blender create Mesh node Canvas canopy stripe.001
10:31:56 | INFO: Blender create Mesh node Canvas canopy stripe.010
10:31:56 | INFO: Blender create Mesh node Canvas canopy stripe.003
10:31:56 | INFO: Blender create Mesh node Canvas canopy stripe.009
10:31:56 | INFO: Blender create Mesh node Canvas canopy stripe.005
10:31:56 | INFO: Blender create Mesh node Canvas canopy stripe.008
10:31:56 | INFO: Blender create Mesh node Canvas canopy stripe.007
10:31:56 | INFO: Blender create Mesh node Carved roof verge.012
10:31:56 | INFO: Blender create Mesh node Carved roof verge.013
10:31:56 | INFO: Blender create Mesh node Carved roof verge.014
10:31:56 | INFO: Blender create Mesh node Carved roof verge.015
10:31:56 | INFO: Blender create Mesh node Carved timber grain.012
10:31:56 | INFO: Blender create Mesh node Carved timber grain.013
10:31:56 | INFO: Blender create Mesh node Carved timber grain.014
10:31:56 | INFO: Blender create Mesh node Carved timber grain.015
10:31:56 | INFO: Blender create Mesh node Carved timber grain.016
10:31:56 | INFO: Blender create Mesh node Carved timber grain.017
10:31:56 | INFO: Blender create Mesh node Carved timber grain.018
10:31:56 | INFO: Blender create Mesh node Carved timber grain.019
10:31:56 | INFO: Blender create Mesh node Chimney dark opening.002
10:31:56 | INFO: Blender create Mesh node Chimney mortar joint.012
10:31:56 | INFO: Blender create Mesh node Chimney mortar joint.013
10:31:56 | INFO: Blender create Mesh node Chimney mortar joint.014
10:31:56 | INFO: Blender create Mesh node Chimney mortar joint.015
10:31:56 | INFO: Blender create Mesh node Chimney mortar joint.016
10:31:56 | INFO: Blender create Mesh node Chimney mortar joint.017
10:31:56 | INFO: Blender create Mesh node Chimney side mortar.012
10:31:56 | INFO: Blender create Mesh node Chimney side mortar.013
10:31:56 | INFO: Blender create Mesh node Chimney side mortar.014
10:31:56 | INFO: Blender create Mesh node Chimney side mortar.015
10:31:56 | INFO: Blender create Mesh node Chimney side mortar.016
10:31:56 | INFO: Blender create Mesh node Chimney side mortar.017
10:31:56 | INFO: Blender create Mesh node Chimney stone course.012
10:31:56 | INFO: Blender create Mesh node Chimney stone course.013
10:31:56 | INFO: Blender create Mesh node Chimney stone course.014
10:31:56 | INFO: Blender create Mesh node Chimney stone course.015
10:31:56 | INFO: Blender create Mesh node Chimney stone course.016
10:31:56 | INFO: Blender create Mesh node Chimney stone course.017
10:31:56 | INFO: Blender create Mesh node Chunky roof joinery.018
10:31:56 | INFO: Blender create Mesh node Chunky roof joinery.019
10:31:56 | INFO: Blender create Mesh node Chunky roof joinery.020
10:31:56 | INFO: Blender create Mesh node Chunky roof joinery.021
10:31:56 | INFO: Blender create Mesh node Chunky roof joinery.022
10:31:56 | INFO: Blender create Mesh node Chunky roof joinery.023
10:31:56 | INFO: Blender create Mesh node Cloth heraldic banner.003
10:31:56 | INFO: Blender create Mesh node Corner upright.012
10:31:56 | INFO: Blender create Mesh node Corner upright.013
10:31:56 | INFO: Blender create Mesh node Corner upright.014
10:31:56 | INFO: Blender create Mesh node Corner upright.015
10:31:56 | INFO: Blender create Mesh node Cottage walls.003
10:31:56 | INFO: Blender create Mesh node Dark inset timber peg.042
10:31:56 | INFO: Blender create Mesh node Dark inset timber peg.043
10:31:56 | INFO: Blender create Mesh node Dark inset timber peg.044
10:31:56 | INFO: Blender create Mesh node Dark inset timber peg.045
10:31:56 | INFO: Blender create Mesh node Dark inset timber peg.046
10:31:56 | INFO: Blender create Mesh node Dark inset timber peg.047
10:31:56 | INFO: Blender create Mesh node Dark inset timber peg.048
10:31:56 | INFO: Blender create Mesh node Dark inset timber peg.049
10:31:56 | INFO: Blender create Mesh node Door brass handle.002
10:31:56 | INFO: Blender create Mesh node Door iron strap.004
10:31:56 | INFO: Blender create Mesh node Door iron strap.005
10:31:56 | INFO: Blender create Mesh node Door jamb stone.016
10:31:56 | INFO: Blender create Mesh node Door jamb stone.017
10:31:56 | INFO: Blender create Mesh node Door jamb stone.018
10:31:56 | INFO: Blender create Mesh node Door jamb stone.019
10:31:56 | INFO: Blender create Mesh node Door jamb stone.020
10:31:56 | INFO: Blender create Mesh node Door jamb stone.021
10:31:56 | INFO: Blender create Mesh node Door jamb stone.022
10:31:56 | INFO: Blender create Mesh node Door jamb stone.023
10:31:56 | INFO: Blender create Mesh node Door plank.010
10:31:56 | INFO: Blender create Mesh node Door plank.011
10:31:56 | INFO: Blender create Mesh node Door plank.012
10:31:56 | INFO: Blender create Mesh node Door plank.013
10:31:56 | INFO: Blender create Mesh node Door plank.014
10:31:56 | INFO: Blender create Mesh node Doorway recess.002
10:31:56 | INFO: Blender create Mesh node Dyed cloth roll
10:31:56 | INFO: Blender create Mesh node Dyed cloth roll.001
10:31:56 | INFO: Blender create Mesh node Dyed cloth roll.002
10:31:56 | INFO: Blender create Mesh node Dyed cloth roll.003
10:31:56 | INFO: Blender create Mesh node Dyed cloth roll.004
10:31:56 | INFO: Blender create Mesh node Dyed cloth roll.005
10:31:56 | INFO: Blender create Mesh node Eave knee brace.012
10:31:56 | INFO: Blender create Mesh node Eave knee brace.013
10:31:56 | INFO: Blender create Mesh node Eave knee brace.014
10:31:56 | INFO: Blender create Mesh node Eave knee brace.015
10:31:56 | INFO: Blender create Mesh node Fence post.018
10:31:56 | INFO: Blender create Mesh node Fence post.019
10:31:56 | INFO: Blender create Mesh node Fence post.020
10:31:56 | INFO: Blender create Mesh node Fence post.021
10:31:56 | INFO: Blender create Mesh node Fence post.022
10:31:56 | INFO: Blender create Mesh node Fence post.023
10:31:56 | INFO: Blender create Mesh node Fence rail.012
10:31:56 | INFO: Blender create Mesh node Fence rail.013
10:31:56 | INFO: Blender create Mesh node Fence rail.014
10:31:56 | INFO: Blender create Mesh node Fence rail.015
10:31:56 | INFO: Blender create Mesh node Fine woven cloth stripe
10:31:56 | INFO: Blender create Mesh node Fine woven cloth stripe.001
10:31:56 | INFO: Blender create Mesh node Fine woven cloth stripe.002
10:31:56 | INFO: Blender create Mesh node Fine woven cloth stripe.003
10:31:56 | INFO: Blender create Mesh node Fine woven cloth stripe.004
10:31:56 | INFO: Blender create Mesh node Fine woven cloth stripe.005
10:31:56 | INFO: Blender create Mesh node Fine woven cloth stripe.006
10:31:56 | INFO: Blender create Mesh node Folded fabric
10:31:56 | INFO: Blender create Mesh node Folded fabric.001
10:31:56 | INFO: Blender create Mesh node Folded fabric.002
10:31:56 | INFO: Blender create Mesh node Front limestone block.060
10:31:56 | INFO: Blender create Mesh node Front limestone block.061
10:31:56 | INFO: Blender create Mesh node Front limestone block.062
10:31:56 | INFO: Blender create Mesh node Front limestone block.063
10:31:56 | INFO: Blender create Mesh node Front limestone block.064
10:31:56 | INFO: Blender create Mesh node Front limestone block.065
10:31:56 | INFO: Blender create Mesh node Front limestone block.066
10:31:56 | INFO: Blender create Mesh node Front limestone block.067
10:31:56 | INFO: Blender create Mesh node Front limestone block.068
10:31:56 | INFO: Blender create Mesh node Front limestone block.069
10:31:56 | INFO: Blender create Mesh node Front limestone block.070
10:31:56 | INFO: Blender create Mesh node Front limestone block.071
10:31:56 | INFO: Blender create Mesh node Front limestone block.072
10:31:56 | INFO: Blender create Mesh node Front limestone block.073
10:31:56 | INFO: Blender create Mesh node Front limestone block.074
10:31:56 | INFO: Blender create Mesh node Front limestone block.075
10:31:56 | INFO: Blender create Mesh node Front limestone block.076
10:31:56 | INFO: Blender create Mesh node Front limestone block.077
10:31:56 | INFO: Blender create Mesh node Front limestone block.078
10:31:56 | INFO: Blender create Mesh node Front limestone block.079
10:31:56 | INFO: Blender create Mesh node Gable brace.012
10:31:56 | INFO: Blender create Mesh node Gable brace.013
10:31:56 | INFO: Blender create Mesh node Gable brace.014
10:31:56 | INFO: Blender create Mesh node Gable brace.015
10:31:56 | INFO: Blender create Mesh node Gable king post.006
10:31:56 | INFO: Blender create Mesh node Gable king post.007
10:31:56 | INFO: Blender create Mesh node Gable tie beam.006
10:31:56 | INFO: Blender create Mesh node Gable tie beam.007
10:31:56 | INFO: Blender create Mesh node Gable vertical board.030
10:31:56 | INFO: Blender create Mesh node Gable vertical board.031
10:31:56 | INFO: Blender create Mesh node Gable vertical board.032
10:31:56 | INFO: Blender create Mesh node Gable vertical board.033
10:31:56 | INFO: Blender create Mesh node Gable vertical board.034
10:31:56 | INFO: Blender create Mesh node Gable vertical board.035
10:31:56 | INFO: Blender create Mesh node Gable vertical board.036
10:31:56 | INFO: Blender create Mesh node Gable vertical board.037
10:31:56 | INFO: Blender create Mesh node Gable vertical board.038
10:31:56 | INFO: Blender create Mesh node Gable vertical board.039
10:31:56 | INFO: Blender create Mesh node Arched window frame.004
10:31:56 | INFO: Blender create Mesh node Dormer body.002
10:31:56 | INFO: Blender create Mesh node Dormer gable.002
10:31:56 | INFO: Blender create Mesh node Dark roof overlap seam.168
10:31:56 | INFO: Blender create Mesh node Shingle reflected edge.168
10:31:56 | INFO: Blender create Mesh node Soft edged blue roof tile.003
10:31:56 | INFO: Blender create Mesh node Dark roof overlap seam.169
10:31:56 | INFO: Blender create Mesh node Shingle reflected edge.169
10:31:56 | INFO: Blender create Mesh node Soft edged blue roof tile.003
10:31:56 | INFO: Blender create Mesh node Dark roof overlap seam.170
10:31:56 | INFO: Blender create Mesh node Shingle reflected edge.170
10:31:56 | INFO: Blender create Mesh node Soft edged blue roof tile.003
10:31:56 | INFO: Blender create Mesh node Dark roof overlap seam.171
10:31:56 | INFO: Blender create Mesh node Shingle reflected edge.171
10:31:56 | INFO: Blender create Mesh node Warm arched window.004
10:31:56 | INFO: Blender create Mesh node Window dark recess.004
10:31:56 | INFO: Blender create Mesh node Window golden intensity pane.008
10:31:56 | INFO: Blender create Mesh node Window golden intensity pane.009
10:31:56 | INFO: Blender create Mesh node Window lower amber shade.004
10:31:56 | INFO: Blender create Mesh node Window mullion.004
10:31:56 | INFO: Blender create Mesh node Window sill.004
10:31:56 | INFO: Blender create Mesh node Window transom.004
10:31:56 | INFO: Blender create Mesh node Gold banner border.006
10:31:56 | INFO: Blender create Mesh node Gold banner border.007
10:31:56 | INFO: Blender create Mesh node Heavy doorway frame.002
10:31:56 | INFO: Blender create Mesh node Heavy timber capital.012
10:31:56 | INFO: Blender create Mesh node Heavy timber capital.013
10:31:56 | INFO: Blender create Mesh node Heavy timber capital.014
10:31:56 | INFO: Blender create Mesh node Heavy timber capital.015
10:31:56 | INFO: Blender create Mesh node Lantern bracket.002
10:31:56 | INFO: Blender create Mesh node Lantern chain.002
10:31:56 | INFO: Blender create Mesh node Lantern amber glass.003
10:31:56 | INFO: Blender create Mesh node Lantern bottom.003
10:31:56 | INFO: Blender create Mesh node Lantern corner.012
10:31:56 | INFO: Blender create Mesh node Lantern corner.013
10:31:56 | INFO: Blender create Mesh node Lantern corner.014
10:31:56 | INFO: Blender create Mesh node Lantern corner.015
10:31:56 | INFO: Blender create Mesh node Lantern hanger.003
10:31:56 | INFO: Blender create Mesh node Lantern roof.003
10:31:56 | INFO: Blender create Mesh node Limestone entrance step.006
10:31:56 | INFO: Blender create Mesh node Limestone entrance step.007
10:31:56 | INFO: Blender create Mesh node Limestone entrance step.008
10:31:56 | INFO: Blender create Mesh node Open chimney rim.008
10:31:56 | INFO: Blender create Mesh node Open chimney rim.009
10:31:56 | INFO: Blender create Mesh node Open chimney rim.010
10:31:56 | INFO: Blender create Mesh node Open chimney rim.011
10:31:56 | INFO: Blender create Mesh node Barrel inner lip.001
10:31:56 | INFO: Blender create Mesh node Inside barrel shadow.001
10:31:56 | INFO: Blender create Mesh node Open barrel iron hoop.002
10:31:56 | INFO: Blender create Mesh node Open barrel iron hoop.003
10:31:56 | INFO: Blender create Mesh node Open barrel rim.001
10:31:56 | INFO: Blender create Mesh node Open barrel stave seam.012
10:31:56 | INFO: Blender create Mesh node Open barrel stave seam.013
10:31:56 | INFO: Blender create Mesh node Open barrel stave seam.014
10:31:56 | INFO: Blender create Mesh node Open barrel stave seam.015
10:31:56 | INFO: Blender create Mesh node Open barrel stave seam.016
10:31:56 | INFO: Blender create Mesh node Open barrel stave seam.017
10:31:56 | INFO: Blender create Mesh node Open barrel stave seam.018
10:31:56 | INFO: Blender create Mesh node Open barrel stave seam.019
10:31:56 | INFO: Blender create Mesh node Open barrel stave seam.020
10:31:56 | INFO: Blender create Mesh node Open barrel stave seam.021
10:31:56 | INFO: Blender create Mesh node Open barrel stave seam.022
10:31:56 | INFO: Blender create Mesh node Open barrel stave seam.023
10:31:56 | INFO: Blender create Mesh node Open barrel staves.001
10:31:56 | INFO: Blender create Mesh node Path stepping stone.006
10:31:56 | INFO: Blender create Mesh node Path stepping stone.007
10:31:56 | INFO: Blender create Mesh node Path stepping stone.008
10:31:56 | INFO: Blender create Mesh node Projecting timber footing.012
10:31:56 | INFO: Blender create Mesh node Projecting timber footing.013
10:31:56 | INFO: Blender create Mesh node Projecting timber footing.014
10:31:56 | INFO: Blender create Mesh node Projecting timber footing.015
10:31:56 | INFO: Blender create Mesh node Ridge peg.009
10:31:56 | INFO: Blender create Mesh node Ridge peg.010
10:31:56 | INFO: Blender create Mesh node Ridge peg.011
10:31:56 | INFO: Blender create Mesh node Ridge timber.003
10:31:56 | INFO: Blender create Mesh node Roof eave.006
10:31:56 | INFO: Blender create Mesh node Roof eave.007
10:31:56 | INFO: Blender create Mesh node Roof timber underlay.006
10:31:56 | INFO: Blender create Mesh node Roof timber underlay.007
10:31:56 | INFO: Blender create Mesh node Dark roof overlap seam.128
10:31:56 | INFO: Blender create Mesh node Shingle reflected edge.128
10:31:56 | INFO: Blender create Mesh node Dark roof overlap seam.129
10:31:56 | INFO: Blender create Mesh node Shingle reflected edge.129
10:31:56 | INFO: Blender create Mesh node Dark roof overlap seam.130
10:31:56 | INFO: Blender create Mesh node Shingle reflected edge.130
10:31:56 | INFO: Blender create Mesh node Dark roof overlap seam.131
10:31:56 | INFO: Blender create Mesh node Shingle reflected edge.131
10:31:56 | INFO: Blender create Mesh node Dark roof overlap seam.132
10:31:56 | INFO: Blender create Mesh node Shingle reflected edge.132
10:31:56 | INFO: Blender create Mesh node Dark roof overlap seam.133
10:31:56 | INFO: Blender create Mesh node Shingle reflected edge.133
10:31:56 | INFO: Blender create Mesh node Dark roof overlap seam.134
10:31:56 | INFO: Blender create Mesh node Shingle reflected edge.134
10:31:56 | INFO: Blender create Mesh node Dark roof overlap seam.135
10:31:56 | INFO: Blender create Mesh node Shingle reflected edge.135
10:31:56 | INFO: Blender create Mesh node Dark roof overlap seam.136
10:31:56 | INFO: Blender create Mesh node Shingle reflected edge.136
10:31:56 | INFO: Blender create Mesh node Dark roof overlap seam.137
10:31:56 | INFO: Blender create Mesh node Shingle reflected edge.137
10:31:56 | INFO: Blender create Mesh node Dark roof overlap seam.138
10:31:56 | INFO: Blender create Mesh node Shingle reflected edge.138
10:31:56 | INFO: Blender create Mesh node Dark roof overlap seam.139
10:31:56 | INFO: Blender create Mesh node Shingle reflected edge.139
10:31:56 | INFO: Blender create Mesh node Dark roof overlap seam.140
10:31:56 | INFO: Blender create Mesh node Shingle reflected edge.140
10:31:56 | INFO: Blender create Mesh node Dark roof overlap seam.141
10:31:56 | INFO: Blender create Mesh node Shingle reflected edge.141
10:31:56 | INFO: Blender create Mesh node Dark roof overlap seam.142
10:31:56 | INFO: Blender create Mesh node Shingle reflected edge.142
10:31:56 | INFO: Blender create Mesh node Dark roof overlap seam.143
10:31:56 | INFO: Blender create Mesh node Shingle reflected edge.143
10:31:56 | INFO: Blender create Mesh node Dark roof overlap seam.144
10:31:56 | INFO: Blender create Mesh node Shingle reflected edge.144
10:31:56 | INFO: Blender create Mesh node Dark roof overlap seam.145
10:31:56 | INFO: Blender create Mesh node Shingle reflected edge.145
10:31:56 | INFO: Blender create Mesh node Dark roof overlap seam.146
10:31:56 | INFO: Blender create Mesh node Shingle reflected edge.146
10:31:56 | INFO: Blender create Mesh node Dark roof overlap seam.147
10:31:56 | INFO: Blender create Mesh node Shingle reflected edge.147
10:31:56 | INFO: Blender create Mesh node Dark roof overlap seam.148
10:31:56 | INFO: Blender create Mesh node Shingle reflected edge.148
10:31:56 | INFO: Blender create Mesh node Dark roof overlap seam.149
10:31:56 | INFO: Blender create Mesh node Shingle reflected edge.149
10:31:56 | INFO: Blender create Mesh node Dark roof overlap seam.150
10:31:56 | INFO: Blender create Mesh node Shingle reflected edge.150
10:31:56 | INFO: Blender create Mesh node Dark roof overlap seam.151
10:31:56 | INFO: Blender create Mesh node Shingle reflected edge.151
10:31:56 | INFO: Blender create Mesh node Dark roof overlap seam.152
10:31:56 | INFO: Blender create Mesh node Shingle reflected edge.152
10:31:56 | INFO: Blender create Mesh node Dark roof overlap seam.153
10:31:56 | INFO: Blender create Mesh node Shingle reflected edge.153
10:31:56 | INFO: Blender create Mesh node Dark roof overlap seam.154
10:31:56 | INFO: Blender create Mesh node Shingle reflected edge.154
10:31:56 | INFO: Blender create Mesh node Dark roof overlap seam.155
10:31:56 | INFO: Blender create Mesh node Shingle reflected edge.155
10:31:56 | INFO: Blender create Mesh node Dark roof overlap seam.156
10:31:56 | INFO: Blender create Mesh node Shingle reflected edge.156
10:31:56 | INFO: Blender create Mesh node Dark roof overlap seam.157
10:31:56 | INFO: Blender create Mesh node Shingle reflected edge.157
10:31:56 | INFO: Blender create Mesh node Dark roof overlap seam.158
10:31:56 | INFO: Blender create Mesh node Shingle reflected edge.158
10:31:56 | INFO: Blender create Mesh node Dark roof overlap seam.159
10:31:56 | INFO: Blender create Mesh node Shingle reflected edge.159
10:31:56 | INFO: Blender create Mesh node Dark roof overlap seam.160
10:31:56 | INFO: Blender create Mesh node Shingle reflected edge.160
10:31:56 | INFO: Blender create Mesh node Dark roof overlap seam.161
10:31:56 | INFO: Blender create Mesh node Shingle reflected edge.161
10:31:56 | INFO: Blender create Mesh node Dark roof overlap seam.162
10:31:56 | INFO: Blender create Mesh node Shingle reflected edge.162
10:31:56 | INFO: Blender create Mesh node Dark roof overlap seam.163
10:31:56 | INFO: Blender create Mesh node Shingle reflected edge.163
10:31:56 | INFO: Blender create Mesh node Dark roof overlap seam.164
10:31:56 | INFO: Blender create Mesh node Shingle reflected edge.164
10:31:56 | INFO: Blender create Mesh node Dark roof overlap seam.165
10:31:56 | INFO: Blender create Mesh node Shingle reflected edge.165
10:31:56 | INFO: Blender create Mesh node Dark roof overlap seam.166
10:31:56 | INFO: Blender create Mesh node Shingle reflected edge.166
10:31:56 | INFO: Blender create Mesh node Dark roof overlap seam.167
10:31:56 | INFO: Blender create Mesh node Shingle reflected edge.167
10:31:56 | INFO: Blender create Mesh node Round iron joinery rivet.012
10:31:56 | INFO: Blender create Mesh node Round iron joinery rivet.013
10:31:56 | INFO: Blender create Mesh node Round iron joinery rivet.014
10:31:56 | INFO: Blender create Mesh node Round iron joinery rivet.015
10:31:56 | INFO: Blender create Mesh node Round iron joinery rivet.016
10:31:56 | INFO: Blender create Mesh node Round iron joinery rivet.017
10:31:56 | INFO: Blender create Mesh node Round iron joinery rivet.018
10:31:56 | INFO: Blender create Mesh node Round iron joinery rivet.019
10:31:56 | INFO: Blender create Mesh node Leaf cluster.048
10:31:56 | INFO: Blender create Mesh node Leaf cluster.049
10:31:56 | INFO: Blender create Mesh node Leaf cluster.050
10:31:56 | INFO: Blender create Mesh node Leaf cluster.051
10:31:56 | INFO: Blender create Mesh node Side limestone block.120
10:31:56 | INFO: Blender create Mesh node Side limestone block.121
10:31:56 | INFO: Blender create Mesh node Side limestone block.122
10:31:56 | INFO: Blender create Mesh node Side limestone block.123
10:31:56 | INFO: Blender create Mesh node Side limestone block.124
10:31:56 | INFO: Blender create Mesh node Side limestone block.125
10:31:56 | INFO: Blender create Mesh node Side limestone block.126
10:31:56 | INFO: Blender create Mesh node Side limestone block.127
10:31:56 | INFO: Blender create Mesh node Side limestone block.128
10:31:56 | INFO: Blender create Mesh node Side limestone block.129
10:31:56 | INFO: Blender create Mesh node Side limestone block.130
10:31:56 | INFO: Blender create Mesh node Side limestone block.131
10:31:56 | INFO: Blender create Mesh node Side limestone block.132
10:31:56 | INFO: Blender create Mesh node Side limestone block.133
10:31:56 | INFO: Blender create Mesh node Side limestone block.134
10:31:56 | INFO: Blender create Mesh node Side limestone block.135
10:31:56 | INFO: Blender create Mesh node Side limestone block.136
10:31:56 | INFO: Blender create Mesh node Side limestone block.137
10:31:56 | INFO: Blender create Mesh node Side limestone block.138
10:31:56 | INFO: Blender create Mesh node Side limestone block.139
10:31:56 | INFO: Blender create Mesh node Side limestone block.140
10:31:56 | INFO: Blender create Mesh node Side limestone block.141
10:31:56 | INFO: Blender create Mesh node Side limestone block.142
10:31:56 | INFO: Blender create Mesh node Side limestone block.143
10:31:56 | INFO: Blender create Mesh node Side limestone block.144
10:31:56 | INFO: Blender create Mesh node Side limestone block.145
10:31:56 | INFO: Blender create Mesh node Side limestone block.146
10:31:56 | INFO: Blender create Mesh node Side limestone block.147
10:31:56 | INFO: Blender create Mesh node Side limestone block.148
10:31:56 | INFO: Blender create Mesh node Side limestone block.149
10:31:56 | INFO: Blender create Mesh node Side limestone block.150
10:31:56 | INFO: Blender create Mesh node Side limestone block.151
10:31:56 | INFO: Blender create Mesh node Side limestone block.152
10:31:56 | INFO: Blender create Mesh node Side limestone block.153
10:31:56 | INFO: Blender create Mesh node Side limestone block.154
10:31:56 | INFO: Blender create Mesh node Side limestone block.155
10:31:56 | INFO: Blender create Mesh node Side limestone block.156
10:31:56 | INFO: Blender create Mesh node Side limestone block.157
10:31:56 | INFO: Blender create Mesh node Side limestone block.158
10:31:56 | INFO: Blender create Mesh node Side limestone block.159
10:31:56 | INFO: Blender create Mesh node Side wall diagonal.006
10:31:56 | INFO: Blender create Mesh node Side wall diagonal.007
10:31:56 | INFO: Blender create Mesh node Side wall lower tie.006
10:31:56 | INFO: Blender create Mesh node Side wall lower tie.007
10:31:56 | INFO: Blender create Mesh node Table leg.004
10:31:56 | INFO: Blender create Mesh node Table leg.005
10:31:56 | INFO: Blender create Mesh node Table leg.006
10:31:56 | INFO: Blender create Mesh node Table leg.007
10:31:56 | INFO: Blender create Mesh node Table stretcher.001
10:31:56 | INFO: Blender create Mesh node Table top plank.004
10:31:56 | INFO: Blender create Mesh node Table top plank.005
10:31:56 | INFO: Blender create Mesh node Table top plank.006
10:31:56 | INFO: Blender create Mesh node Table top plank.007
10:31:56 | INFO: Blender create Mesh node Thread spool
10:31:56 | INFO: Blender create Mesh node Thread spool wooden end
10:31:56 | INFO: Blender create Mesh node Thread spool wooden end.001
10:31:56 | INFO: Blender create Mesh node Thread spool wooden end.002
10:31:56 | INFO: Blender create Mesh node Thread spool wooden end.003
10:31:56 | INFO: Blender create Mesh node Thread spool wooden end.004
10:31:56 | INFO: Blender create Mesh node Thread spool wooden end.005
10:31:56 | INFO: Blender create Mesh node Thread spool.001
10:31:56 | INFO: Blender create Mesh node Thread spool.002
10:31:56 | INFO: Blender create Mesh node Timber gable.006
10:31:56 | INFO: Blender create Mesh node Timber gable.007
10:31:56 | INFO: Blender create Mesh node Wall cross beam.012
10:31:56 | INFO: Blender create Mesh node Wall cross beam.013
10:31:56 | INFO: Blender create Mesh node Wall cross beam.014
10:31:56 | INFO: Blender create Mesh node Wall cross beam.015
10:31:56 | INFO: Blender create Mesh node Weaver dye jar
10:31:56 | INFO: Blender create Mesh node Weaver dye jar.001
10:31:56 | INFO: Blender create Mesh node Cloth beam axle
10:31:56 | INFO: Blender create Mesh node Cloth beam axle.001
10:31:56 | INFO: Blender create Mesh node Loom beam
10:31:56 | INFO: Blender create Mesh node Loom beam.001
10:31:56 | INFO: Blender create Mesh node Loom shuttle
10:31:56 | INFO: Blender create Mesh node Loom upright
10:31:56 | INFO: Blender create Mesh node Loom upright.001
10:31:56 | INFO: Blender create Mesh node Loom upright.002
10:31:56 | INFO: Blender create Mesh node Loom upright.003
10:31:56 | INFO: Blender create Mesh node Loom warp thread
10:31:56 | INFO: Blender create Mesh node Loom warp thread.001
10:31:56 | INFO: Blender create Mesh node Loom warp thread.002
10:31:56 | INFO: Blender create Mesh node Loom warp thread.003
10:31:56 | INFO: Blender create Mesh node Loom warp thread.004
10:31:56 | INFO: Blender create Mesh node Loom warp thread.005
10:31:56 | INFO: Blender create Mesh node Loom warp thread.006
10:31:56 | INFO: Blender create Mesh node Loom warp thread.007
10:31:56 | INFO: Blender create Mesh node Loom warp thread.008
10:31:56 | INFO: Blender create Mesh node Loom warp thread.009
10:31:56 | INFO: Blender create Mesh node Loom warp thread.010
10:31:56 | INFO: Blender create Mesh node Loom warp thread.011
10:31:56 | INFO: Blender create Mesh node Loom warp thread.012
10:31:56 | INFO: Blender create Mesh node Loom warp thread.013
10:31:56 | INFO: Blender create Mesh node Loom warp thread.014
10:31:56 | INFO: Blender create Mesh node Loom warp thread.015
10:31:56 | INFO: Blender create Mesh node Woven striped cloth
10:31:56 | INFO: Blender create Mesh node Woven striped cloth.001
10:31:56 | INFO: Blender create Mesh node Woven striped cloth.002
10:31:56 | INFO: Blender create Mesh node Woven striped cloth.003
10:31:56 | INFO: Blender create Mesh node Woven striped cloth.004
10:31:56 | INFO: Blender create Mesh node Woven striped cloth.005
10:31:56 | INFO: Blender create Mesh node Woven striped cloth.006
10:31:56 | INFO: Blender create Mesh node Woven striped cloth.007
10:31:56 | INFO: Blender create Mesh node Woven cloth sign
10:31:56 | INFO: Blender create Mesh node Woven cloth sign.001
10:31:56 | INFO: Blender create Mesh node Woven cloth sign.002
10:31:56 | INFO: Blender create Mesh node Woven cloth sign.003
10:31:56 | INFO: Blender create Mesh node Woven cloth sign.004
10:31:56 | INFO: Blender create Mesh node Woven cloth sign.005
10:31:56 | INFO: glTF import finished in 0.55s
Verified buildings/weaver
00:01.272  blend            | Read blend: "/home/bart/.treehouse/odot-game-assets-86a3a5/2/odot-game-assets/sources/characters/evil_berserker_unit.blend"
10:31:57 | INFO: Data are loaded, start creating Blender stuff
10:31:57 | INFO: Blender create Mesh node Armored boot toe.006
10:31:57 | INFO: Blender create Mesh node Armored boot toe.007
10:31:57 | INFO: Blender create Mesh node Armored skirt side plate.004
10:31:57 | INFO: Blender create Mesh node Armored skirt side plate.005
10:31:57 | INFO: Blender create Mesh node Bare barbarian chest
10:31:57 | INFO: Blender create Mesh node Bent dark helmet horn.002
10:31:57 | INFO: Blender create Mesh node Bent dark helmet horn.003
10:31:57 | INFO: Blender create Mesh node Boot cuff.006
10:31:57 | INFO: Blender create Mesh node Boot cuff.007
10:31:57 | INFO: Blender create Mesh node Boot sole.006
10:31:57 | INFO: Blender create Mesh node Boot sole.007
10:31:57 | INFO: Blender create Mesh node Chibi glove.002
10:31:57 | INFO: Blender create Mesh node Chibi glove.001
10:31:57 | INFO: Blender create Mesh node Crimson shoulder tattoo
10:31:57 | INFO: Blender create Mesh node Crossed leather chest harness.004
10:31:57 | INFO: Blender create Mesh node Crossed leather chest harness.005
10:31:57 | INFO: Blender create Mesh node Dark faceted helmet.001
10:31:57 | INFO: Blender create Mesh node Dark wrist bracer.006
10:31:57 | INFO: Blender create Mesh node Dark wrist bracer.007
10:31:57 | INFO: Blender create Mesh node Forearm sleeve.002
10:31:57 | INFO: Blender create Mesh node Forearm sleeve.001
10:31:57 | INFO: Blender create Mesh node Glove thumb.002
10:31:57 | INFO: Blender create Mesh node Glove thumb.001
10:31:57 | INFO: Blender create Mesh node Heavy shoulder plate.004
10:31:57 | INFO: Blender create Mesh node Helmet central nasal ridge.001
10:31:57 | INFO: Blender create Mesh node Helmet ear band.002
10:31:57 | INFO: Blender create Mesh node Helmet ear band.003
10:31:57 | INFO: Blender create Mesh node Helmet hanging cheek plate.002
10:31:57 | INFO: Blender create Mesh node Helmet hanging cheek plate.003
10:31:57 | INFO: Blender create Mesh node Helmet iron brow.001
10:31:57 | INFO: Blender create Mesh node Knee leather binding.006
10:31:57 | INFO: Blender create Mesh node Knee leather binding.007
10:31:57 | INFO: Blender create Mesh node Leather belt.003
10:31:57 | INFO: Blender create Mesh node Leather wrist cuff.006
10:31:57 | INFO: Blender create Mesh node Leather wrist cuff.007
10:31:57 | INFO: Blender create Mesh node Neck.003
10:31:57 | INFO: Blender create Mesh node Oversized leather boot.006
10:31:57 | INFO: Blender create Mesh node Oversized leather boot.007
10:31:57 | INFO: Blender create Mesh node Red horn tip.002
10:31:57 | INFO: Blender create Mesh node Red horn tip.003
10:31:57 | INFO: Blender create Mesh node Red skull eye.004
10:31:57 | INFO: Blender create Mesh node Red skull eye.005
10:31:57 | INFO: Blender create Mesh node Rounded tunic shoulder.002
10:31:57 | INFO: Blender create Mesh node Rounded tunic shoulder.001
10:31:57 | INFO: Blender create Mesh node Shoulder plate rim.004
10:31:57 | INFO: Blender create Mesh node Tapered tunic.001
10:31:57 | INFO: Blender create Mesh node Tattered red tabard.003
10:31:57 | INFO: Blender create Mesh node Trouser shin.006
10:31:57 | INFO: Blender create Mesh node Trouser shin.007
10:31:57 | INFO: Blender create Mesh node Trouser thigh.006
10:31:57 | INFO: Blender create Mesh node Trouser thigh.007
10:31:57 | INFO: Blender create Mesh node Tunic skirt panel.002
10:31:57 | INFO: Blender create Mesh node Tunic skirt panel.001
10:31:57 | INFO: Blender create Mesh node Upper sleeve.002
10:31:57 | INFO: Blender create Mesh node Upper sleeve.001
10:31:57 | INFO: Blender create Mesh node Bone cheek.006
10:31:57 | INFO: Blender create Mesh node Bone cheek.007
10:31:57 | INFO: Blender create Mesh node Carved bone skull.003
10:31:57 | INFO: Blender create Mesh node Dark nasal inset.003
10:31:57 | INFO: Blender create Mesh node Skull upper tooth.018
10:31:57 | INFO: Blender create Mesh node Skull upper tooth.019
10:31:57 | INFO: Blender create Mesh node Skull upper tooth.020
10:31:57 | INFO: Blender create Mesh node Skull upper tooth.021
10:31:57 | INFO: Blender create Mesh node Skull upper tooth.022
10:31:57 | INFO: Blender create Mesh node Skull upper tooth.023
10:31:57 | INFO: Blender create Mesh node Socket darkness.006
10:31:57 | INFO: Blender create Mesh node Socket darkness.007
10:31:57 | INFO: Blender create Mesh node Axe ash handle
10:31:57 | INFO: Blender create Mesh node Crimson axe blade motif
10:31:57 | INFO: Blender create Mesh node Forged crescent axe blade
10:31:57 | INFO: Blender create Mesh node Grip wrapping
10:31:57 | INFO: Blender create Mesh node Grip wrapping.001
10:31:57 | INFO: Blender create Mesh node Grip wrapping.002
10:31:57 | INFO: Blender create Mesh node Grip wrapping.003
10:31:57 | INFO: Blender create Mesh node Grip wrapping.004
10:31:57 | INFO: Blender create Mesh node Grip wrapping.005
10:31:57 | INFO: Blender create Mesh node Iron axe socket
10:31:57 | INFO: Blender create Mesh node Leather axe grip
10:31:57 | INFO: Blender create Mesh node Sharpened axe cutting edge
10:31:57 | INFO: Blender create Mesh node Forged armor spike.002
10:31:57 | INFO: Blender create Mesh node Crimson axe blade motif.001
10:31:57 | INFO: glTF import finished in 0.15s
Verified characters/evil_berserker_unit
00:02.397  blend            | Read blend: "/home/bart/.treehouse/odot-game-assets-86a3a5/2/odot-game-assets/sources/characters/evil_mage_unit.blend"
10:31:58 | INFO: Data are loaded, start creating Blender stuff
10:31:58 | INFO: Blender create Mesh node Angled ember eye
10:31:58 | INFO: Blender create Mesh node Angled ember eye.001
10:31:58 | INFO: Blender create Mesh node Armored boot toe.002
10:31:58 | INFO: Blender create Mesh node Armored boot toe.003
10:31:58 | INFO: Blender create Mesh node Bent dark helmet horn
10:31:58 | INFO: Blender create Mesh node Bent dark helmet horn.001
10:31:58 | INFO: Blender create Mesh node Boot cuff.002
10:31:58 | INFO: Blender create Mesh node Boot cuff.003
10:31:58 | INFO: Blender create Mesh node Boot sole.002
10:31:58 | INFO: Blender create Mesh node Boot sole.003
10:31:58 | INFO: Blender create Mesh node Chibi face.002
10:31:58 | INFO: Blender create Mesh node Chibi glove.004
10:31:58 | INFO: Blender create Mesh node Chibi glove.001
10:31:58 | INFO: Blender create Mesh node Dark wrist bracer.002
10:31:58 | INFO: Blender create Mesh node Dark wrist bracer.003
10:31:58 | INFO: Blender create Mesh node Diagonal shoulder strap
10:31:58 | INFO: Blender create Mesh node Diagonal shoulder strap.001
10:31:58 | INFO: Blender create Mesh node Faceted travelling cape
10:31:58 | INFO: Blender create Mesh node Folded cloth collar
10:31:58 | INFO: Blender create Mesh node Forearm sleeve.004
10:31:58 | INFO: Blender create Mesh node Forearm sleeve.001
10:31:58 | INFO: Blender create Mesh node Glove thumb.004
10:31:58 | INFO: Blender create Mesh node Glove thumb.001
10:31:58 | INFO: Blender create Mesh node Knee leather binding.002
10:31:58 | INFO: Blender create Mesh node Knee leather binding.003
10:31:58 | INFO: Blender create Mesh node Leather belt.001
10:31:58 | INFO: Blender create Mesh node Leather wrist cuff.002
10:31:58 | INFO: Blender create Mesh node Leather wrist cuff.003
10:31:58 | INFO: Blender create Mesh node Mage leather satchel
10:31:58 | INFO: Blender create Mesh node Neck.002
10:31:58 | INFO: Blender create Mesh node Open cloth hood
10:31:58 | INFO: Blender create Mesh node Oversized leather boot.002
10:31:58 | INFO: Blender create Mesh node Oversized leather boot.003
10:31:58 | INFO: Blender create Mesh node Red horn tip
10:31:58 | INFO: Blender create Mesh node Red horn tip.001
10:31:58 | INFO: Blender create Mesh node Rounded tunic shoulder.004
10:31:58 | INFO: Blender create Mesh node Rounded tunic shoulder.001
10:31:58 | INFO: Blender create Mesh node Satchel brass clasp
10:31:58 | INFO: Blender create Mesh node Satchel flap
10:31:58 | INFO: Blender create Mesh node Tapered tunic.002
10:31:58 | INFO: Blender create Mesh node Tattered red tabard.001
10:31:58 | INFO: Blender create Mesh node Trouser shin.002
10:31:58 | INFO: Blender create Mesh node Trouser shin.003
10:31:58 | INFO: Blender create Mesh node Trouser thigh.002
10:31:58 | INFO: Blender create Mesh node Trouser thigh.003
10:31:58 | INFO: Blender create Mesh node Tunic skirt panel.004
10:31:58 | INFO: Blender create Mesh node Tunic skirt panel.001
10:31:58 | INFO: Blender create Mesh node Upper sleeve.004
10:31:58 | INFO: Blender create Mesh node Upper sleeve.001
10:31:58 | INFO: Blender create Mesh node Bright flame heart
10:31:58 | INFO: Blender create Mesh node Curling flame tongue
10:31:58 | INFO: Blender create Mesh node Curling flame tongue.001
10:31:58 | INFO: Blender create Mesh node Iron staff crown
10:31:58 | INFO: Blender create Mesh node Red magical flame
10:31:58 | INFO: Blender create Mesh node Staff crooked claw
10:31:58 | INFO: Blender create Mesh node Staff crooked claw.001
10:31:58 | INFO: Blender create Mesh node Staff grip wrap
10:31:58 | INFO: Blender create Mesh node Staff grip wrap.001
10:31:58 | INFO: Blender create Mesh node Staff grip wrap.002
10:31:58 | INFO: Blender create Mesh node Twisted dark staff shaft
10:31:58 | INFO: Blender create Mesh node Bright flame heart.001
10:31:58 | INFO: Blender create Mesh node Curling flame tongue.002
10:31:58 | INFO: Blender create Mesh node Curling flame tongue.003
10:31:58 | INFO: Blender create Mesh node Red magical flame.001
10:31:58 | INFO: Blender create Mesh node Bone cheek.002
10:31:58 | INFO: Blender create Mesh node Bone cheek.003
10:31:58 | INFO: Blender create Mesh node Carved bone skull.001
10:31:58 | INFO: Blender create Mesh node Dark nasal inset.001
10:31:58 | INFO: Blender create Mesh node Skull upper tooth.006
10:31:58 | INFO: Blender create Mesh node Skull upper tooth.007
10:31:58 | INFO: Blender create Mesh node Skull upper tooth.008
10:31:58 | INFO: Blender create Mesh node Skull upper tooth.009
10:31:58 | INFO: Blender create Mesh node Skull upper tooth.010
10:31:58 | INFO: Blender create Mesh node Skull upper tooth.011
10:31:58 | INFO: Blender create Mesh node Socket darkness.002
10:31:58 | INFO: Blender create Mesh node Socket darkness.003
10:31:58 | INFO: glTF import finished in 0.13s
Verified characters/evil_mage_unit
00:03.161  blend            | Read blend: "/home/bart/.treehouse/odot-game-assets-86a3a5/2/odot-game-assets/sources/characters/evil_melee_unit.blend"
10:31:58 | INFO: Data are loaded, start creating Blender stuff
10:31:58 | INFO: Blender create Mesh node Armored boot toe
10:31:58 | INFO: Blender create Mesh node Armored boot toe.001
10:31:58 | INFO: Blender create Mesh node Armored skirt side plate
10:31:58 | INFO: Blender create Mesh node Armored skirt side plate.001
10:31:58 | INFO: Blender create Mesh node Boot cuff
10:31:58 | INFO: Blender create Mesh node Boot cuff.001
10:31:58 | INFO: Blender create Mesh node Boot sole
10:31:58 | INFO: Blender create Mesh node Boot sole.001
10:31:58 | INFO: Blender create Mesh node Buckle opening
10:31:58 | INFO: Blender create Mesh node Buckle tongue
10:31:58 | INFO: Blender create Mesh node Chibi glove
10:31:58 | INFO: Blender create Mesh node Chibi glove.001
10:31:58 | INFO: Blender create Mesh node Crossed leather chest harness
10:31:58 | INFO: Blender create Mesh node Crossed leather chest harness.001
10:31:58 | INFO: Blender create Mesh node Dark breastplate
10:31:58 | INFO: Blender create Mesh node Dark faceted helmet
10:31:58 | INFO: Blender create Mesh node Dark wrist bracer
10:31:58 | INFO: Blender create Mesh node Dark wrist bracer.001
10:31:58 | INFO: Blender create Mesh node Forearm sleeve.003
10:31:58 | INFO: Blender create Mesh node Forearm sleeve.002
10:31:58 | INFO: Blender create Mesh node Glove thumb
10:31:58 | INFO: Blender create Mesh node Glove thumb.001
10:31:58 | INFO: Blender create Mesh node Gold belt buckle
10:31:58 | INFO: Blender create Mesh node Heavy shoulder plate
10:31:58 | INFO: Blender create Mesh node Heavy shoulder plate.001
10:31:58 | INFO: Blender create Mesh node Helmet central nasal ridge
10:31:59 | INFO: Blender create Mesh node Helmet ear band
10:31:59 | INFO: Blender create Mesh node Helmet ear band.001
10:31:59 | INFO: Blender create Mesh node Helmet hanging cheek plate
10:31:59 | INFO: Blender create Mesh node Helmet hanging cheek plate.001
10:31:59 | INFO: Blender create Mesh node Helmet iron brow
10:31:59 | INFO: Blender create Mesh node Knee leather binding
10:31:59 | INFO: Blender create Mesh node Knee leather binding.001
10:31:59 | INFO: Blender create Mesh node Leather belt
10:31:59 | INFO: Blender create Mesh node Leather wrist cuff
10:31:59 | INFO: Blender create Mesh node Leather wrist cuff.001
10:31:59 | INFO: Blender create Mesh node Neck.001
10:31:59 | INFO: Blender create Mesh node Oversized leather boot
10:31:59 | INFO: Blender create Mesh node Oversized leather boot.001
10:31:59 | INFO: Blender create Mesh node Red skull eye
10:31:59 | INFO: Blender create Mesh node Red skull eye.001
10:31:59 | INFO: Blender create Mesh node Rounded tunic shoulder.003
10:31:59 | INFO: Blender create Mesh node Rounded tunic shoulder.002
10:31:59 | INFO: Blender create Mesh node Shoulder plate rim
10:31:59 | INFO: Blender create Mesh node Shoulder plate rim.001
10:31:59 | INFO: Blender create Mesh node Tapered tunic.001
10:31:59 | INFO: Blender create Mesh node Tattered red tabard
10:31:59 | INFO: Blender create Mesh node Trouser shin
10:31:59 | INFO: Blender create Mesh node Trouser shin.001
10:31:59 | INFO: Blender create Mesh node Trouser thigh
10:31:59 | INFO: Blender create Mesh node Trouser thigh.001
10:31:59 | INFO: Blender create Mesh node Tunic skirt panel.003
10:31:59 | INFO: Blender create Mesh node Tunic skirt panel.002
10:31:59 | INFO: Blender create Mesh node Upper sleeve.003
10:31:59 | INFO: Blender create Mesh node Upper sleeve.002
10:31:59 | INFO: Blender create Mesh node Bone cheek
10:31:59 | INFO: Blender create Mesh node Bone cheek.001
10:31:59 | INFO: Blender create Mesh node Carved bone skull
10:31:59 | INFO: Blender create Mesh node Dark nasal inset
10:31:59 | INFO: Blender create Mesh node Skull upper tooth
10:31:59 | INFO: Blender create Mesh node Skull upper tooth.001
10:31:59 | INFO: Blender create Mesh node Skull upper tooth.002
10:31:59 | INFO: Blender create Mesh node Skull upper tooth.003
10:31:59 | INFO: Blender create Mesh node Skull upper tooth.004
10:31:59 | INFO: Blender create Mesh node Skull upper tooth.005
10:31:59 | INFO: Blender create Mesh node Socket darkness
10:31:59 | INFO: Blender create Mesh node Socket darkness.001
10:31:59 | INFO: Blender create Mesh node Forged armor spike
10:31:59 | INFO: Blender create Mesh node Shield gold heraldry
10:31:59 | INFO: Blender create Mesh node Shield blue field.001
10:31:59 | INFO: Blender create Mesh node Shield gold rim.013
10:31:59 | INFO: Blender create Mesh node Shield gold rim.012
10:31:59 | INFO: Blender create Mesh node Shield gold rim.011
10:31:59 | INFO: Blender create Mesh node Shield gold rim.010
10:31:59 | INFO: Blender create Mesh node Shield gold rim.009
10:31:59 | INFO: Blender create Mesh node Shield gold rim.008
10:31:59 | INFO: Blender create Mesh node Shield gold rim.007
10:31:59 | INFO: Blender create Mesh node Shield hand grip
10:31:59 | INFO: Blender create Mesh node Sword broad faceted blade
10:31:59 | INFO: Blender create Mesh node Sword gold guard
10:31:59 | INFO: Blender create Mesh node Sword grip wrap
10:31:59 | INFO: Blender create Mesh node Sword grip wrap.001
10:31:59 | INFO: Blender create Mesh node Sword grip wrap.002
10:31:59 | INFO: Blender create Mesh node Sword grip wrap.003
10:31:59 | INFO: Blender create Mesh node Sword leather grip
10:31:59 | INFO: Blender create Mesh node Sword pommel
10:31:59 | INFO: glTF import finished in 0.15s
Verified characters/evil_melee_unit
00:04.115  blend            | Read blend: "/home/bart/.treehouse/odot-game-assets-86a3a5/2/odot-game-assets/sources/characters/evil_ranged_unit.blend"
10:31:59 | INFO: Data are loaded, start creating Blender stuff
10:31:59 | INFO: Blender create Mesh node Armored boot toe.004
10:31:59 | INFO: Blender create Mesh node Armored boot toe.005
10:31:59 | INFO: Blender create Mesh node Armored skirt side plate.002
10:31:59 | INFO: Blender create Mesh node Armored skirt side plate.003
10:31:59 | INFO: Blender create Mesh node Boot cuff.004
10:31:59 | INFO: Blender create Mesh node Boot cuff.005
10:31:59 | INFO: Blender create Mesh node Boot sole.004
10:31:59 | INFO: Blender create Mesh node Boot sole.005
10:31:59 | INFO: Blender create Mesh node Buckle opening.002
10:31:59 | INFO: Blender create Mesh node Buckle tongue.002
10:31:59 | INFO: Blender create Mesh node Chibi glove.004
10:31:59 | INFO: Blender create Mesh node Chibi glove.005
10:31:59 | INFO: Blender create Mesh node Crossed leather chest harness.002
10:31:59 | INFO: Blender create Mesh node Crossed leather chest harness.003
10:31:59 | INFO: Blender create Mesh node Dark breastplate.001
10:31:59 | INFO: Blender create Mesh node Dark wrist bracer.004
10:31:59 | INFO: Blender create Mesh node Dark wrist bracer.005
10:31:59 | INFO: Blender create Mesh node Faceted travelling cape.001
10:31:59 | INFO: Blender create Mesh node Folded cloth collar.002
10:31:59 | INFO: Blender create Mesh node Forearm sleeve.002
10:31:59 | INFO: Blender create Mesh node Forearm sleeve.001
10:31:59 | INFO: Blender create Mesh node Glove thumb.004
10:31:59 | INFO: Blender create Mesh node Glove thumb.005
10:31:59 | INFO: Blender create Mesh node Gold belt buckle.002
10:31:59 | INFO: Blender create Mesh node Heavy shoulder plate.002
10:31:59 | INFO: Blender create Mesh node Heavy shoulder plate.003
10:31:59 | INFO: Blender create Mesh node Knee leather binding.004
10:31:59 | INFO: Blender create Mesh node Knee leather binding.005
10:31:59 | INFO: Blender create Mesh node Leather arrow quiver
10:31:59 | INFO: Blender create Mesh node Leather belt.002
10:31:59 | INFO: Blender create Mesh node Leather wrist cuff.004
10:31:59 | INFO: Blender create Mesh node Leather wrist cuff.005
10:31:59 | INFO: Blender create Mesh node Neck.001
10:31:59 | INFO: Blender create Mesh node Open cloth hood.001
10:31:59 | INFO: Blender create Mesh node Oversized leather boot.004
10:31:59 | INFO: Blender create Mesh node Oversized leather boot.005
10:31:59 | INFO: Blender create Mesh node Quiver spare arrow
10:31:59 | INFO: Blender create Mesh node Quiver spare arrow.001
10:31:59 | INFO: Blender create Mesh node Quiver spare arrow.002
10:31:59 | INFO: Blender create Mesh node Quiver spare arrow.003
10:31:59 | INFO: Blender create Mesh node Quiver spare arrow.004
10:31:59 | INFO: Blender create Mesh node Quiver white fletching
10:31:59 | INFO: Blender create Mesh node Quiver white fletching.001
10:31:59 | INFO: Blender create Mesh node Quiver white fletching.002
10:31:59 | INFO: Blender create Mesh node Quiver white fletching.003
10:31:59 | INFO: Blender create Mesh node Quiver white fletching.004
10:31:59 | INFO: Blender create Mesh node Quiver white fletching.005
10:31:59 | INFO: Blender create Mesh node Quiver white fletching.006
10:31:59 | INFO: Blender create Mesh node Quiver white fletching.007
10:31:59 | INFO: Blender create Mesh node Quiver white fletching.008
10:31:59 | INFO: Blender create Mesh node Quiver white fletching.009
10:31:59 | INFO: Blender create Mesh node Red skull eye.002
10:31:59 | INFO: Blender create Mesh node Red skull eye.003
10:31:59 | INFO: Blender create Mesh node Rounded tunic shoulder.002
10:31:59 | INFO: Blender create Mesh node Rounded tunic shoulder.001
10:31:59 | INFO: Blender create Mesh node Shoulder plate rim.002
10:31:59 | INFO: Blender create Mesh node Shoulder plate rim.003
10:31:59 | INFO: Blender create Mesh node Tapered tunic.001
10:31:59 | INFO: Blender create Mesh node Tattered red tabard.002
10:31:59 | INFO: Blender create Mesh node Trouser shin.004
10:31:59 | INFO: Blender create Mesh node Trouser shin.005
10:31:59 | INFO: Blender create Mesh node Trouser thigh.004
10:31:59 | INFO: Blender create Mesh node Trouser thigh.005
10:31:59 | INFO: Blender create Mesh node Tunic skirt panel.002
10:31:59 | INFO: Blender create Mesh node Tunic skirt panel.001
10:31:59 | INFO: Blender create Mesh node Upper sleeve.002
10:31:59 | INFO: Blender create Mesh node Upper sleeve.001
10:31:59 | INFO: Blender create Mesh node Bone cheek.004
10:31:59 | INFO: Blender create Mesh node Bone cheek.005
10:31:59 | INFO: Blender create Mesh node Carved bone skull.002
10:31:59 | INFO: Blender create Mesh node Dark nasal inset.002
10:31:59 | INFO: Blender create Mesh node Skull upper tooth.012
10:31:59 | INFO: Blender create Mesh node Skull upper tooth.013
10:31:59 | INFO: Blender create Mesh node Skull upper tooth.014
10:31:59 | INFO: Blender create Mesh node Skull upper tooth.015
10:31:59 | INFO: Blender create Mesh node Skull upper tooth.016
10:31:59 | INFO: Blender create Mesh node Skull upper tooth.017
10:31:59 | INFO: Blender create Mesh node Socket darkness.004
10:31:59 | INFO: Blender create Mesh node Socket darkness.005
10:31:59 | INFO: Blender create Mesh node Crossbow bolt point
10:31:59 | INFO: Blender create Mesh node Crossbow curved bow limbs
10:31:59 | INFO: Blender create Mesh node Crossbow iron stock band
10:31:59 | INFO: Blender create Mesh node Crossbow iron stock band.001
10:31:59 | INFO: Blender create Mesh node Crossbow iron stock band.002
10:31:59 | INFO: Blender create Mesh node Crossbow pistol grip
10:31:59 | INFO: Blender create Mesh node Crossbow rear stock
10:31:59 | INFO: Blender create Mesh node Crossbow wooden stock
10:31:59 | INFO: Blender create Mesh node Loaded bolt ivory fletching 1
10:32:00 | INFO: Blender create Mesh node Loaded bolt ivory fletching 2
10:32:00 | INFO: Blender create Mesh node Loaded crossbow bolt
10:32:00 | INFO: Blender create Mesh node Taut crossbow string
10:32:00 | INFO: Blender create Mesh node Forged armor spike.001
10:32:00 | INFO: glTF import finished in 0.15s
Verified characters/evil_ranged_unit
00:04.980  blend            | Read blend: "/home/bart/.treehouse/odot-game-assets-86a3a5/2/odot-game-assets/sources/props/evil_shield.blend"
10:32:00 | INFO: Data are loaded, start creating Blender stuff
10:32:00 | INFO: Blender create Mesh node Shield gold heraldry
10:32:00 | INFO: Blender create Mesh node Shield blue field.001
10:32:00 | INFO: Blender create Mesh node Shield gold rim.013
10:32:00 | INFO: Blender create Mesh node Shield gold rim.012
10:32:00 | INFO: Blender create Mesh node Shield gold rim.011
10:32:00 | INFO: Blender create Mesh node Shield gold rim.010
10:32:00 | INFO: Blender create Mesh node Shield gold rim.009
10:32:00 | INFO: Blender create Mesh node Shield gold rim.008
10:32:00 | INFO: Blender create Mesh node Shield gold rim.007
10:32:00 | INFO: Blender create Mesh node Shield hand grip
10:32:00 | INFO: glTF import finished in 0.01s
Verified props/evil_shield
Verified 6 assets; retained 65 other results
Blender 5.2.2 LTS (hash d13f752e3b9c built 2026-09-15 01:34:58)

Blender quit
